../Core/Src/led.c:45:6:led_main	8	static
../Core/Src/led.c:71:6:flower_on	16	static
../Core/Src/led.c:86:6:flower_off	16	static
../Core/Src/led.c:101:6:led_all_on	8	static
../Core/Src/led.c:107:6:led_all_off	8	static
../Core/Src/led.c:113:6:led_keep_on_up	16	static
../Core/Src/led.c:125:6:led_on_up	16	static
../Core/Src/led.c:137:6:led_keep_on_down	16	static
../Core/Src/led.c:149:6:led_on_down	16	static
../Core/Src/led.c:290:6:button0_toggle	8	static
../Core/Src/led.c:321:6:button_led_all_on	8	static
../Core/Src/led.c:326:6:button_led_all_off	8	static
../Core/Src/led.c:331:6:button_flower_on	8	static
../Core/Src/led.c:340:6:button_flower_off	8	static
../Core/Src/led.c:352:6:button_led_keep_on_up	8	static
../Core/Src/led.c:360:6:button_led_keep_on_down	8	static
../Core/Src/led.c:368:6:button_led_on_up	8	static
../Core/Src/led.c:376:6:button_led_on_down	8	static
../Core/Src/led.c:384:6:led_off	8	static
../Core/Src/led.c:389:6:led_on	8	static
../Core/Src/led.c:394:6:led_init	8	static
